// Jest Snapshot v1, https://goo.gl/fbAQLP

exports[`pruebas en <SearchPage /> debe de mostrarse correctamente con valores por defecto 1`] = `
<div>
  <h1>
    PÃ¡gina de busqueda
  </h1>
  <hr />
  <div
    class="row"
  >
    <div
      class="col-5"
    >
      <h4>
        Buscando
      </h4>
      <hr />
      <form
        aria-label="form"
      >
        <input
          autocomplete="off"
          class="form-control"
          name="searchText"
          placeholder="Busca un heroe"
          type="text"
          value=""
        />
        <button
          class="btn btn-outline-primary mt-1"
        >
          Busqueda
        </button>
      </form>
    </div>
    <div
      class="col-7"
    >
      <h4>
        Resultados
      </h4>
      <hr />
      <div
        class="alert alert-primary animate__animated animate__fadeIn"
      >
        Busca un heroe
      </div>
      <div
        aria-label="alert-danger"
        class="alert alert-danger animate__animated animate__fadeIn"
        style="display: none;"
      >
        No hay resultados con 
        <b />
      </div>
    </div>
  </div>
</div>
`;
